12-22 17:21:27.242   413   506 D audioserver: FGS Logger Transaction failed
12-22 17:21:27.242   413   506 D audioserver: -129
12-22 17:21:27.289  1382  1382 W TooltipLifecycleManager: TooltipLifecycleManager.dismissTooltips():159 Tooltip with id spell_check_add_to_dictionary not found in tooltipManager.
12-22 17:21:27.603  6336  6372 D EGL_emulation: app_time_stats: avg=439.16ms min=316.14ms max=502.12ms count=3
12-22 17:21:28.002   413  1225 D audioserver: FGS Logger Transaction failed
12-22 17:21:28.002   413  1225 D audioserver: -129
12-22 17:21:28.011   413   506 D AudioFlinger: mixer(0x73aa4d4ac930) throttle end: throttle time(34)
12-22 17:21:28.023  6336  6336 I ImeTracker: com.example.spamfilter_mobile:2d7f3237: onRequestHide at ORIGIN_CLIENT_HIDE_SOFT_INPUT reason HIDE_SOFT_INPUT
12-22 17:21:28.025  1382  1382 I GoogleInputMethodService: GoogleInputMethodService.onFinishInputView():2241 
12-22 17:21:28.026  1382  1382 W TooltipLifecycleManager: TooltipLifecycleManager.dismissTooltips():159 Tooltip with id spell_check_add_to_dictionary not found in tooltipManager.
12-22 17:21:28.026  1382  1382 I InputBundle: InputBundle.consumeEvent():923 Skip consuming an event as keyboard status is 0
12-22 17:21:28.028  1382  1382 I KeyboardWrapper: KeyboardWrapper.consumeEvent():275 Skip consuming an event as current keyboard is deactivated (state=0, keyboard existence=true)
12-22 17:21:28.028  1382  1382 I VoiceInputManagerWrapper: VoiceInputManagerWrapper.shutdown():77 shutdown()
12-22 17:21:28.029  1382  1382 I AndroidIME: AbstractIme.onDeactivate():207 LatinIme.onDeactivate()
12-22 17:21:28.031  1382  1473 W ModuleManager: ModuleManager.loadModule():450 Module jjj is not available
12-22 17:21:28.035  6336  6336 W WindowOnBackDispatcher: sendCancelIfRunning: isInProgress=falsecallback=ImeCallback=ImeOnBackInvokedCallback@94284969 Callback=android.window.IOnBackInvokedCallback$Stub$Proxy@54be7d
12-22 17:21:28.037   552   573 D CoreBackPreview: Window{de26c8b u0 com.example.spamfilter_mobile/com.example.spamfilter_mobile.MainActivity}: Setting back callback OnBackInvokedCallbackInfo{mCallback=android.window.IOnBackInvokedCallback$Stub$Proxy@2ff15f7, mPriority=0, mIsAnimationCallback=false}
12-22 17:21:28.052  6336  6364 D EGL_emulation: app_time_stats: avg=148.69ms min=0.85ms max=2631.81ms count=20
12-22 17:21:28.215   413   506 D audioserver: FGS Logger Transaction failed
12-22 17:21:28.215   413   506 D audioserver: -129
12-22 17:21:28.368  6336  6336 I ImeTracker: com.example.spamfilter_mobile:999a4f92: onRequestHide at ORIGIN_CLIENT_HIDE_SOFT_INPUT reason HIDE_SOFT_INPUT_BY_INSETS_API
12-22 17:21:28.368   552   573 I ImeTracker: com.example.spamfilter_mobile:999a4f92: onCancelled at PHASE_SERVER_SHOULD_HIDE
12-22 17:21:28.370  6336  6336 I ImeTracker: com.example.spamfilter_mobile:2d7f3237: onHidden
12-22 17:21:28.370   770   829 D EGL_emulation: app_time_stats: avg=51.18ms min=11.97ms max=1468.26ms count=41
12-22 17:21:28.374  1382  1382 I GoogleInputMethodService: GoogleInputMethodService.onStartInput():1877 onStartInput(EditorInfo{inputType=0x0(NULL) imeOptions=0x0 privateImeOptions=null actionName=UNSPECIFIED actionLabel=null actionId=0 initialSelStart=-1 initialSelEnd=-1 initialCapsMode=0x0 hintText=null label=null packageName=com.example.spamfilter_mobile fieldId=0 fieldName=null extras=null}, true)
12-22 17:21:28.374  1382  1382 I GoogleInputMethodService: GoogleInputMethodService.shouldHideHeaderOnInitialState():4008 ShouldHideHeaderOnInitialState = false
12-22 17:21:28.374  1382  1382 I GoogleInputMethodService: GoogleInputMethodService.updateDeviceLockedStatus():2087 repeatCheckTimes = 2, unlocked = true
12-22 17:21:28.374  1382  1382 W SessionManager: SessionManager.beginSession():53 Try to begin an already begun session [INPUT_SESSION], end it first
12-22 17:21:29.386   770   829 D EGL_emulation: app_time_stats: avg=16.12ms min=10.04ms max=32.67ms count=59
12-22 17:21:29.586   413  1225 D audioserver: FGS Logger Transaction failed
12-22 17:21:29.586   413  1225 D audioserver: -129
12-22 17:21:29.606  6336  6372 D EGL_emulation: app_time_stats: avg=55.00ms min=1.71ms max=1087.71ms count=30
12-22 17:21:29.802   413   506 D audioserver: FGS Logger Transaction failed
12-22 17:21:29.802   413   506 D audioserver: -129
12-22 17:21:30.741   758   758 I wpa_supplicant: wlan0: CTRL-EVENT-BEACON-LOSS 
12-22 17:21:32.671   357  1306 D android.hardware.audio@7.1-impl.ranchu: threadLoop: entering standby, frames: 3487040
12-22 17:21:35.313  1187  1196 I .gms.persistent: Background concurrent mark compact GC freed 345302(18MB) AllocSpace objects, 6(268KB) LOS objects, 49% free, 18MB/36MB, paused 798us,1.529ms total 115.014ms
12-22 17:21:35.313  1187  1196 W .gms.persistent: Reducing the number of considered missed Gc histogram windows from 168 to 100
12-22 17:21:36.256   770   770 D StatusBarIconController: ignoring old pipeline callbacks, because the new mobile icons are enabled
12-22 17:21:36.270   770   829 D EGL_emulation: app_time_stats: avg=20001.89ms min=20001.89ms max=20001.89ms count=1
12-22 17:21:38.049  1382  1473 I ProtoXDBBufferWrapper: ProtoXDBBufferWrapper.flushToStorage():153 Flushed 6 data item(s) to storage.
12-22 17:21:38.677   758   758 I wpa_supplicant: wlan0: CTRL-EVENT-BEACON-LOSS 
12-22 17:21:40.199  1797  1797 D BoundBrokerSvc: onUnbind: Intent { act=com.google.android.mdd.service.START dat=chimera-action:/... cmp=com.google.android.gms/.chimera.GmsBoundBrokerService }
12-22 17:21:40.204  1797  1797 D BoundBrokerSvc: onUnbind: Intent { act=com.google.firebase.dynamiclinks.service.START pkg=com.google.android.gms }
12-22 17:21:46.271   770   770 D StatusBarIconController: ignoring old pipeline callbacks, because the new mobile icons are enabled
12-22 17:21:46.612   758   758 I wpa_supplicant: wlan0: CTRL-EVENT-BEACON-LOSS 
12-22 17:21:48.029  1382  1473 I VoiceInputManagerWrapper: VoiceInputManagerWrapper.shutdownVoiceInternal():95 shutdownVoiceInternal()
12-22 17:21:49.648   552   589 I UsageStatsService: User[0] Flushing usage stats to disk
12-22 17:21:50.257   552   644 D ActivityManager: freezing 1797 com.google.android.gms
12-22 17:21:54.549   758   758 I wpa_supplicant: wlan0: CTRL-EVENT-BEACON-LOSS 
12-22 17:21:56.257   770   770 D StatusBarIconController: ignoring old pipeline callbacks, because the new mobile icons are enabled
12-22 17:22:00.002  1486  1723 I AiAiEcho: Predicting[0]: 
12-22 17:22:00.002  1486  1723 I AiAiEcho: EchoTargets: 
12-22 17:22:00.002  1486  1723 I AiAiEcho: Filtered by AiAi flag check: 
12-22 17:22:00.003  1486  1723 I AiAiEcho: Ranked targets strategy: SORT, count: 0, ranking metadata: 
12-22 17:22:00.005  1486  1723 I AiAiEcho: #postPredictionTargets: Sending updates to UISurface lockscreen with targets# 0 (types=[])
12-22 17:22:00.023   770   770 W PageIndicator: Total number of pages invalid: 0. Assuming 1 page.
12-22 17:22:00.023   770   829 D EGL_emulation: app_time_stats: avg=23752.87ms min=23752.87ms max=23752.87ms count=1
12-22 17:22:02.456   552  1378 D WifiNl80211Manager: Scan result ready event
12-22 17:22:02.456   552  1378 D WifiNative: Scan result ready event
12-22 17:22:06.259   770   770 D StatusBarIconController: ignoring old pipeline callbacks, because the new mobile icons are enabled
