D/BoundBrokerSvc( 1797): Loading bound service for intent: Intent { act=com.google.firebase.dynamiclinks.service.START pkg=com.google.android.gms }
D/CoreBackPreview(  552): Window{ba4a34d u0 com.example.spamfilter_mobile/com.example.spamfilter_mobile.MainActivity}: Setting back callback OnBackInvokedCallbackInfo{mCallback=android.window.IOnBackInvokedCallback$Stub$Proxy@c7d72d9, mPriority=0, mIsAnimationCallback=false}
E/OpenGLRenderer( 1382): Unable to match the desired swap behavior.
D/audioserver(  413): FGS Logger Transaction failed
D/audioserver(  413): -129
D/InsetsController( 6906): show(ime(), fromIme=true)
I/NormalModeController( 1382): NormalModeController.getKeyboardBodyViewHolderPaddingBottom():116 currentPrimeKeyboardType:SOFT systemPaddingBottom:-1
I/Delight5Decoder( 1382): Delight5DecoderWrapper.setKeyboardLayout():457 setKeyboardLayout()
D/EGL_emulation( 6906): app_time_stats: avg=1282.82ms min=1.21ms max=25572.78ms count=20
W/TooltipLifecycleManager( 1382): TooltipLifecycleManager.dismissTooltips():159 Tooltip with id spell_check_add_to_dictionary not found in tooltipManager.
D/EGL_emulation(  770): app_time_stats: avg=4074.45ms min=16.40ms max=24200.18ms count=6
I/ImeTracker( 6906): com.example.spamfilter_mobile:c6da0cbe: onRequestHide at ORIGIN_CLIENT_HIDE_SOFT_INPUT reason HIDE_SOFT_INPUT
D/audioserver(  413): FGS Logger Transaction failed
D/audioserver(  413): -129
I/GoogleInputMethodService( 1382): GoogleInputMethodService.onFinishInputView():2241 
W/TooltipLifecycleManager( 1382): TooltipLifecycleManager.dismissTooltips():159 Tooltip with id spell_check_add_to_dictionary not found in tooltipManager.
I/InputBundle( 1382): InputBundle.consumeEvent():923 Skip consuming an event as keyboard status is 0
I/KeyboardWrapper( 1382): KeyboardWrapper.consumeEvent():275 Skip consuming an event as current keyboard is deactivated (state=0, keyboard existence=true)
I/VoiceInputManagerWrapper( 1382): VoiceInputManagerWrapper.shutdown():77 shutdown()
D/AudioFlinger(  413): mixer(0x73aa4d4ac930) throttle end: throttle time(36)
I/AndroidIME( 1382): AbstractIme.onDeactivate():207 LatinIme.onDeactivate()
I/ImeTracker( 6906): com.example.spamfilter_mobile:47f632d2: onCancelled at PHASE_CLIENT_ANIMATION_CANCEL
W/ModuleManager( 1382): ModuleManager.loadModule():450 Module jjj is not available
W/WindowOnBackDispatcher( 6906): sendCancelIfRunning: isInProgress=falsecallback=ImeCallback=ImeOnBackInvokedCallback@94284969 Callback=android.window.IOnBackInvokedCallback$Stub$Proxy@6e4ccf6
D/CoreBackPreview(  552): Window{ba4a34d u0 com.example.spamfilter_mobile/com.example.spamfilter_mobile.MainActivity}: Setting back callback OnBackInvokedCallbackInfo{mCallback=android.window.IOnBackInvokedCallback$Stub$Proxy@5c96395, mPriority=0, mIsAnimationCallback=false}
D/audioserver(  413): FGS Logger Transaction failed
D/audioserver(  413): -129
I/ImeTracker( 6906): com.example.spamfilter_mobile:63b41e1b: onRequestHide at ORIGIN_CLIENT_HIDE_SOFT_INPUT reason HIDE_SOFT_INPUT_BY_INSETS_API
I/ImeTracker(  552): com.example.spamfilter_mobile:63b41e1b: onCancelled at PHASE_SERVER_SHOULD_HIDE
I/ImeTracker( 6906): com.example.spamfilter_mobile:c6da0cbe: onHidden
I/GoogleInputMethodService( 1382): GoogleInputMethodService.onStartInput():1877 onStartInput(EditorInfo{inputType=0x0(NULL) imeOptions=0x0 privateImeOptions=null actionName=UNSPECIFIED actionLabel=null actionId=0 initialSelStart=-1 initialSelEnd=-1 initialCapsMode=0x0 hintText=null label=null packageName=com.example.spamfilter_mobile fieldId=0 fieldName=null extras=null}, true)
I/GoogleInputMethodService( 1382): GoogleInputMethodService.shouldHideHeaderOnInitialState():4008 ShouldHideHeaderOnInitialState = false
I/GoogleInputMethodService( 1382): GoogleInputMethodService.updateDeviceLockedStatus():2087 repeatCheckTimes = 2, unlocked = true
W/SessionManager( 1382): SessionManager.beginSession():53 Try to begin an already begun session [INPUT_SESSION], end it first
D/EGL_emulation(  770): app_time_stats: avg=16.17ms min=10.25ms max=32.93ms count=59
I/wpa_supplicant(  758): wlan0: CTRL-EVENT-BEACON-LOSS 
D/EGL_emulation( 6906): app_time_stats: avg=45.96ms min=2.38ms max=1815.80ms count=51
D/audioserver(  413): FGS Logger Transaction failed
D/audioserver(  413): -129
D/audioserver(  413): FGS Logger Transaction failed
D/audioserver(  413): -129
D/EGL_emulation( 6906): app_time_stats: avg=22.92ms min=2.19ms max=668.18ms count=39
D/audioserver(  413): FGS Logger Transaction failed
D/audioserver(  413): -129
D/audioserver(  413): FGS Logger Transaction failed
D/audioserver(  413): -129
D/StatusBarIconController(  770): ignoring old pipeline callbacks, because the new mobile icons are enabled
I/GoogleInputMethodService( 1382): GoogleInputMethodService.onStartInput():1877 onStartInput(EditorInfo{inputType=0x8021(EmailAddress) imeOptions=0x2000006 privateImeOptions=null actionName=DONE actionLabel=null actionId=0 initialSelStart=0 initialSelEnd=0 initialCapsMode=0x0 hintText=null label=null packageName=com.example.spamfilter_mobile fieldId=1 fieldName=null extras=Bundle[mParcelledData.dataSize=168]}, true)
I/GoogleInputMethodService( 1382): GoogleInputMethodService.shouldHideHeaderOnInitialState():4008 ShouldHideHeaderOnInitialState = false
I/ImeTracker( 6906): com.example.spamfilter_mobile:2276322f: onRequestShow at ORIGIN_CLIENT_SHOW_SOFT_INPUT reason SHOW_SOFT_INPUT
D/InputMethodManager( 6906): showSoftInput() view=J2.q{936c91a VFE...... .F...... 0,0-1080,2274 #1 aid=1073741824} flags=0 reason=SHOW_SOFT_INPUT
I/GoogleInputMethodService( 1382): GoogleInputMethodService.updateDeviceLockedStatus():2087 repeatCheckTimes = 2, unlocked = true
W/SessionManager( 1382): SessionManager.beginSession():53 Try to begin an already begun session [INPUT_SESSION], end it first
I/GoogleInputMethodService( 1382): GoogleInputMethodService.onStartInputView():1995 onStartInputView(EditorInfo{inputType=0x8021(EmailAddress) imeOptions=0x2000006 privateImeOptions=null actionName=DONE actionLabel=null actionId=0 initialSelStart=0 initialSelEnd=0 initialCapsMode=0x0 hintText=null label=null packageName=com.example.spamfilter_mobile fieldId=1 fieldName=null extras=Bundle[{androidx.core.view.inputmethod.EditorInfoCompat.STYLUS_HANDWRITING_ENABLED=true}]}, false)
W/FillRequestEventLogger(  552): Couldn't find packageName: com.google.android.inputmethod.latin
I/DeviceModeUtil( 1382): DeviceModeUtil.getDeviceMode():122 Get device mode phone by ui mode:1 and smallestScreenWidthDp:393
I/GoogleInputMethodService( 1382): GoogleInputMethodService.updateDeviceLockedStatus():2087 repeatCheckTimes = 2, unlocked = true
W/ModuleManager( 1382): ModuleManager.loadModule():450 Module erj is not available
D/EGL_emulation( 6906): app_time_stats: avg=73.30ms min=1.82ms max=2403.86ms count=36
I/AssistStructure( 6906): Flattened final assist data: 404 bytes, containing 1 windows, 3 views
D/AutofillSession(  552): createPendingIntent for request 6
D/ContentCapturePerUserService(  552): Notified activity assist data for activity: Token{f91013a ActivityRecord{4a655c u0 com.example.spamfilter_mobile/.MainActivity t16}} without a session Id
I/KeyboardViewUtil( 1382): KeyboardViewUtil.getKeyboardHeightRatio():189 systemKeyboardHeightRatio:1.000000; userKeyboardHeightRatio:1.000000.
I/AndroidIME( 1382): AbstractIme.onActivate():86 LatinIme.onActivate() : EditorInfo = inputType=0x8021(EmailAddress) imeOptions=0x2000006 privateImeOptions=null actionName=DONE actionLabel=null actionId=0 initialSelStart=0 initialSelEnd=0 initialCapsMode=0x0 hintText=null label=null packageName=com.example.spamfilter_mobile fieldId=1 fieldName=null extras=Bundle[{androidx.core.view.inputmethod.EditorInfoCompat.STYLUS_HANDWRITING_ENABLED=true}], IncognitoMode = false, DeviceLocked = false
I/Delight5Facilitator( 1382): Delight5Facilitator.initializeForIme():777 initializeForIme() : Locale = [en_US], layout = qwerty
I/VoiceInputManagerWrapper( 1382): VoiceInputManagerWrapper.cancelShutdown():55 cancelShutdown()
I/VoiceInputManagerWrapper( 1382): VoiceInputManagerWrapper.syncLanguagePacks():67 syncLanguagePacks()
I/LatinIme( 1382): LatinIme.updateEnableInlineSuggestionsOnDecoderSideFlags():1003 inline flag updated to:false
I/SpeechFactory( 1382): SpeechRecognitionFactory.maybeScheduleAutoPackDownloadForFallback():205 maybeScheduleAutoPackDownloadForFallback()
I/FallbackOnDeviceRecognitionProvider( 1382): FallbackOnDeviceRecognitionProvider.maybeScheduleAutoPackDownload():195 maybeScheduleAutoPackDownload() for language tag en-US
I/KeyboardWrapper( 1382): KeyboardWrapper.consumeEvent():275 Skip consuming an event as current keyboard is deactivated (state=0, keyboard existence=true)
I/KeyboardViewUtil( 1382): KeyboardViewUtil.calculateMaxKeyboardBodyHeight():40 leave 344 height for app when screen height:2208, header height:121 and isFullscreenMode:false, so the max keyboard body height is:1743
I/DeviceModeUtil( 1382): DeviceModeUtil.getDeviceMode():122 Get device mode phone by ui mode:1 and smallestScreenWidthDp:393
I/GoogleInputMethodService( 1382): GoogleInputMethodService.setKeyboardViewShown():3483 setKeyboardViewShown() : type = HEADER, shownType = SHOW_OPTIONAL
I/GoogleInputMethodService( 1382): GoogleInputMethodService.setKeyboardViewShown():3530 setKeyboardViewShown() : shouldShow = true
I/GoogleInputMethodService( 1382): GoogleInputMethodService.setKeyboardViewShown():3483 setKeyboardViewShown() : type = BODY, shownType = SHOW_MANDATORY
I/GoogleInputMethodService( 1382): GoogleInputMethodService.setKeyboardViewShown():3530 setKeyboardViewShown() : shouldShow = true
I/GoogleInputMethodService( 1382): GoogleInputMethodService.setKeyboardViewShown():3483 setKeyboardViewShown() : type = FLOATING_CANDIDATES, shownType = HIDE
I/GoogleInputMethodService( 1382): GoogleInputMethodService.setKeyboardViewShown():3530 setKeyboardViewShown() : shouldShow = false
I/KeyboardViewUtil( 1382): KeyboardViewUtil.calculateMaxKeyboardBodyHeight():40 leave 344 height for app when screen height:2208, header height:121 and isFullscreenMode:false, so the max keyboard body height is:1743
I/DeviceModeUtil( 1382): DeviceModeUtil.getDeviceMode():122 Get device mode phone by ui mode:1 and smallestScreenWidthDp:393
I/DeviceModeUtil( 1382): DeviceModeUtil.getDeviceMode():122 Get device mode phone by ui mode:1 and smallestScreenWidthDp:393
I/KeyboardModeManager( 1382): KeyboardModeManager.setInputView():364 setInputView() : supportsOneHandedMode=true
I/NormalModeController( 1382): NormalModeController.getKeyboardBodyViewHolderPaddingBottom():116 currentPrimeKeyboardType:SOFT systemPaddingBottom:-1
I/NormalModeController( 1382): NormalModeController.getKeyboardBodyViewHolderPaddingBottom():116 currentPrimeKeyboardType:SOFT systemPaddingBottom:-1
I/KeyboardModeManager( 1382): KeyboardModeManager.setInputView():356 setInputView() : entry=hwn{languageTag=en-US, variant=qwerty, hasLocalizedResources=true, conditionCacheKey=_device=phone_device_size=default_enable_adaptive_text_editing=true_enable_inline_suggestions_on_client_side=false_enable_large_tablet_batch_1=false_enable_large_tablet_batch_2=false_enable_more_candidates_view_for_multilingual=false_enable_nav_redesign=false_enable_number_row=false_enable_preemptive_decode=true_enable_secondary_symbols=false_expressions=normal_four_or_more_letter_rows=false_keyboard_mode=normal_language=en-US_orientation=portrait_physical_keyboard=qwerty_show_secondary_digits=true_show_suggestions=true_split_with_duplicate_keys=true_variant=qwerty, imeDef.stringId=ime_english_united_states, imeDef.className=com.google.android.apps.inputmethod.libs.latin5.LatinIme, imeDef.languageTag=en-US}
I/CurrentMicStatusHolder( 1382): CurrentMicStatusHolder.onStartInputView():79 Current Mic status = {MicIconHidden-EmailInputType,}
I/VoiceImeExtension( 1382): VoiceImeExtension.shouldStartVoiceInputAutomatically():383 No private IME option set to start voice input.
D/CoreBackPreview(  552): Window{ba4a34d u0 com.example.spamfilter_mobile/com.example.spamfilter_mobile.MainActivity}: Setting back callback OnBackInvokedCallbackInfo{mCallback=android.window.IOnBackInvokedCallback$Stub$Proxy@c73704d, mPriority=0, mIsAnimationCallback=false}
E/OpenGLRenderer( 1382): Unable to match the desired swap behavior.
D/InsetsController( 6906): show(ime(), fromIme=true)
I/NormalModeController( 1382): NormalModeController.getKeyboardBodyViewHolderPaddingBottom():116 currentPrimeKeyboardType:SOFT systemPaddingBottom:-1
I/Delight5Decoder( 1382): Delight5DecoderWrapper.setKeyboardLayout():457 setKeyboardLayout()
D/android.hardware.audio@7.1-impl.ranchu(  357): threadLoop: entering standby, frames: 7617088
W/FillRequestEventLogger(  552): Shouldn't be logging AutofillFillRequestReported again for same event
W/FillResponseEventLogger(  552): Shouldn't be logging AutofillFillRequestReported again for same event
D/AutofillSession(  552): clearPendingIntentLocked
D/EGL_emulation( 6906): app_time_stats: avg=179.60ms min=0.97ms max=6481.88ms count=38
V/InlineSuggestionRenderService( 1035): handleDestroySuggestionViews called for 0:396213727
I/IPCThreadState( 1187): oneway function results for code 1 on binder at 0x7251ba1cb3e0 will be dropped but finished with status UNKNOWN_TRANSACTION and reply parcel size 80
D/BoundBrokerSvc( 1797): onBind: Intent { act=com.google.android.mdd.service.START dat=chimera-action:/... cmp=com.google.android.gms/.chimera.GmsBoundBrokerService }
D/BoundBrokerSvc( 1797): Loading bound service for intent: Intent { act=com.google.android.mdd.service.START dat=chimera-action:/... cmp=com.google.android.gms/.chimera.GmsBoundBrokerService }
W/TooltipLifecycleManager( 1382): TooltipLifecycleManager.dismissTooltips():159 Tooltip with id spell_check_add_to_dictionary not found in tooltipManager.
D/EGL_emulation(  770): app_time_stats: avg=226.84ms min=15.53ms max=5233.81ms count=27
I/ImeTracker( 6906): com.example.spamfilter_mobile:2276322f: onShown
D/EGL_emulation(  770): app_time_stats: avg=5.79ms min=0.99ms max=50.34ms count=58
D/EGL_emulation( 6906): app_time_stats: avg=66.10ms min=3.55ms max=503.28ms count=21
I/wpa_supplicant(  758): wlan0: CTRL-EVENT-BEACON-LOSS 
D/EGL_emulation( 6906): app_time_stats: avg=498.52ms min=497.85ms max=499.70ms count=3
D/androidtc(  552): Initializing SystemTextClassifier, type = System
I/AiAiTextClassifier( 1486): onCreateTextClassificationSession = TextClassificationSessionId {dd4e124f-7fc1-4954-ae6d-24ac2821d2a8}
D/androidtc(  552): Initializing SystemTextClassifier, type = System
I/AiAiTextClassifier( 1486): onCreateTextClassificationSession = TextClassificationSessionId {4bef5124-20ba-46c8-8ec0-b7010561926c}
I/AiAiTranslate( 1486): C2T - not in a conversation
I/AiAiTranslate( 1486): C2T - not in a conversation
I/ClipboardListener(  770): Clipboard overlay suppressed.
D/androidtc( 1382): Initializing SystemTextClassifier, type = System
I/ClipboardListener(  770): Clipboard overlay suppressed.
I/ClipboardListener(  770): Clipboard overlay suppressed.
I/ProactiveSuggestionsHolderManager( 1382): ProactiveSuggestionsHolderManager$3.display():216 Requesting to show proactive suggestions: CLIPBOARD PREEMPTIVE_WITH_SUPPRESSION
D/EGL_emulation( 6906): app_time_stats: avg=501.28ms min=494.65ms max=507.91ms count=2
I/ImeTracker( 6906): com.example.spamfilter_mobile:dbce1717: onRequestShow at ORIGIN_CLIENT_SHOW_SOFT_INPUT reason SHOW_SOFT_INPUT
D/InputMethodManager( 6906): showSoftInput() view=J2.q{936c91a VFE...... .F...... 0,0-1080,2274 #1 aid=1073741824} flags=0 reason=SHOW_SOFT_INPUT
D/InsetsController( 6906): show(ime(), fromIme=true)
I/ImeTracker( 6906): com.example.spamfilter_mobile:dbce1717: onCancelled at PHASE_CLIENT_APPLY_ANIMATION
D/EGL_emulation( 6906): app_time_stats: avg=499.51ms min=497.98ms max=501.66ms count=3
D/EGL_emulation( 1382): app_time_stats: avg=374.43ms min=1.81ms max=3425.74ms count=16
D/audioserver(  413): FGS Logger Transaction failed
D/audioserver(  413): -129
D/audioserver(  413): FGS Logger Transaction failed
D/audioserver(  413): -129
W/TooltipLifecycleManager( 1382): TooltipLifecycleManager.dismissTooltips():159 Tooltip with id spell_check_add_to_dictionary not found in tooltipManager.
D/EGL_emulation( 6906): app_time_stats: avg=460.93ms min=384.91ms max=499.57ms count=3
D/EGL_emulation( 6906): app_time_stats: avg=499.82ms min=494.74ms max=503.23ms count=3
D/EGL_emulation( 6906): app_time_stats: avg=500.26ms min=499.96ms max=500.56ms count=2
D/android.hardware.audio@7.1-impl.ranchu(  357): threadLoop: entering standby, frames: 7766144
D/StatusBarIconController(  770): ignoring old pipeline callbacks, because the new mobile icons are enabled
I/wpa_supplicant(  758): wlan0: CTRL-EVENT-BEACON-LOSS 
D/EGL_emulation( 6906): app_time_stats: avg=498.93ms min=497.34ms max=500.33ms count=3
D/EGL_emulation( 6906): app_time_stats: avg=499.70ms min=497.36ms max=501.36ms count=3
D/EGL_emulation( 6906): app_time_stats: avg=499.94ms min=498.63ms max=501.25ms count=2
I/GoogleInputMethodService( 1382): GoogleInputMethodService.onKeyDown():2444 Received KEYCODE_BACK. isAllViewsInvisible=false
D/audioserver(  413): FGS Logger Transaction failed
D/audioserver(  413): -129
D/AudioFlinger(  413): mixer(0x73aa4d4ac930) throttle end: throttle time(36)
D/EGL_emulation( 1382): app_time_stats: avg=2008.73ms min=17.13ms max=7901.88ms count=4
D/EGL_emulation( 6906): app_time_stats: avg=500.27ms min=499.31ms max=501.23ms count=2
I/ImeTracker(  552): com.example.spamfilter_mobile:1e2402de: onRequestHide at ORIGIN_SERVER_HIDE_INPUT reason HIDE_SOFT_INPUT_BY_BACK_KEY
I/GoogleInputMethodService( 1382): GoogleInputMethodService.onFinishInputView():2241 
W/TooltipLifecycleManager( 1382): TooltipLifecycleManager.dismissTooltips():159 Tooltip with id spell_check_add_to_dictionary not found in tooltipManager.
I/InputBundle( 1382): InputBundle.consumeEvent():923 Skip consuming an event as keyboard status is 0
I/KeyboardWrapper( 1382): KeyboardWrapper.consumeEvent():275 Skip consuming an event as current keyboard is deactivated (state=0, keyboard existence=true)
I/VoiceInputManagerWrapper( 1382): VoiceInputManagerWrapper.shutdown():77 shutdown()
I/AndroidIME( 1382): AbstractIme.onDeactivate():207 LatinIme.onDeactivate()
W/ModuleManager( 1382): ModuleManager.loadModule():450 Module jjj is not available
D/EGL_emulation( 6906): app_time_stats: avg=699.86ms min=1.13ms max=13950.12ms count=20
W/WindowOnBackDispatcher( 6906): sendCancelIfRunning: isInProgress=falsecallback=ImeCallback=ImeOnBackInvokedCallback@94284969 Callback=android.window.IOnBackInvokedCallback$Stub$Proxy@3377fef
D/CoreBackPreview(  552): Window{ba4a34d u0 com.example.spamfilter_mobile/com.example.spamfilter_mobile.MainActivity}: Setting back callback OnBackInvokedCallbackInfo{mCallback=android.window.IOnBackInvokedCallback$Stub$Proxy@34e06bd, mPriority=0, mIsAnimationCallback=false}
D/audioserver(  413): FGS Logger Transaction failed
D/audioserver(  413): -129
D/OpenGLRenderer( 1382): endAllActiveAnimators on 0x7250da135be0 (KeyButtonView) with handle 0x7251ba1dc660
D/EGL_emulation(  770): app_time_stats: avg=294.98ms min=0.94ms max=12617.04ms count=43
I/ImeTracker( 6906): com.example.spamfilter_mobile:4ce8507: onRequestHide at ORIGIN_CLIENT_HIDE_SOFT_INPUT reason HIDE_SOFT_INPUT_BY_INSETS_API
I/ImeTracker(  552): com.example.spamfilter_mobile:4ce8507: onCancelled at PHASE_SERVER_SHOULD_HIDE
I/ImeTracker( 6906): com.example.spamfilter_mobile:1e2402de: onHidden
I/GoogleInputMethodService( 1382): GoogleInputMethodService.onStartInput():1877 onStartInput(EditorInfo{inputType=0x8021(EmailAddress) imeOptions=0x2000006 privateImeOptions=null actionName=DONE actionLabel=null actionId=0 initialSelStart=17 initialSelEnd=17 initialCapsMode=0x0 hintText=null label=null packageName=com.example.spamfilter_mobile fieldId=1 fieldName=null extras=Bundle[mParcelledData.dataSize=168]}, true)
I/GoogleInputMethodService( 1382): GoogleInputMethodService.shouldHideHeaderOnInitialState():4008 ShouldHideHeaderOnInitialState = false
I/GoogleInputMethodService( 1382): GoogleInputMethodService.updateDeviceLockedStatus():2087 repeatCheckTimes = 2, unlocked = true
W/SessionManager( 1382): SessionManager.beginSession():53 Try to begin an already begun session [INPUT_SESSION], end it first
I/AiAiEcho( 1486): Predicting[0]: 
I/AiAiEcho( 1486): EchoTargets: 
I/AiAiEcho( 1486): Filtered by AiAi flag check: 
I/AiAiEcho( 1486): Ranked targets strategy: SORT, count: 0, ranking metadata: 
I/AiAiEcho( 1486): #postPredictionTargets: Sending updates to UISurface lockscreen with targets# 0 (types=[])
D/EGL_emulation(  770): app_time_stats: avg=59999.77ms min=59999.77ms max=59999.77ms count=1
W/PageIndicator(  770): Total number of pages invalid: 0. Assuming 1 page.
D/BoundBrokerSvc( 1797): onUnbind: Intent { act=com.google.firebase.dynamiclinks.service.START pkg=com.google.android.gms }
D/BoundBrokerSvc( 1797): onUnbind: Intent { act=com.google.android.mdd.service.START dat=chimera-action:/... cmp=com.google.android.gms/.chimera.GmsBoundBrokerService }
D/EGL_emulation(  770): app_time_stats: avg=16.33ms min=9.83ms max=32.38ms count=59
D/EGL_emulation( 6906): app_time_stats: avg=78.61ms min=3.02ms max=498.68ms count=18
D/EGL_emulation( 6906): app_time_stats: avg=500.63ms min=500.31ms max=500.96ms count=2
D/android.hardware.audio@7.1-impl.ranchu(  357): threadLoop: entering standby, frames: 7915200
D/audioserver(  413): FGS Logger Transaction failed
D/audioserver(  413): -129
D/AudioFlinger(  413): mixer(0x73aa4d4ac930) throttle end: throttle time(35)
I/ImeTracker( 6906): com.example.spamfilter_mobile:f94ac78e: onRequestHide at ORIGIN_CLIENT_HIDE_SOFT_INPUT reason HIDE_SOFT_INPUT
I/ImeTracker(  552): com.example.spamfilter_mobile:f94ac78e: onCancelled at PHASE_SERVER_SHOULD_HIDE
I/GoogleInputMethodService( 1382): GoogleInputMethodService.onStartInput():1877 onStartInput(EditorInfo{inputType=0x0(NULL) imeOptions=0x0 privateImeOptions=null actionName=UNSPECIFIED actionLabel=null actionId=0 initialSelStart=-1 initialSelEnd=-1 initialCapsMode=0x0 hintText=null label=null packageName=com.example.spamfilter_mobile fieldId=0 fieldName=null extras=null}, true)
I/GoogleInputMethodService( 1382): GoogleInputMethodService.shouldHideHeaderOnInitialState():4008 ShouldHideHeaderOnInitialState = false
I/GoogleInputMethodService( 1382): GoogleInputMethodService.updateDeviceLockedStatus():2087 repeatCheckTimes = 2, unlocked = true
W/SessionManager( 1382): SessionManager.beginSession():53 Try to begin an already begun session [INPUT_SESSION], end it first
D/EGL_emulation( 6906): app_time_stats: avg=91.03ms min=12.27ms max=500.15ms count=11
D/audioserver(  413): FGS Logger Transaction failed
D/audioserver(  413): -129
I/wpa_supplicant(  758): wlan0: CTRL-EVENT-BEACON-LOSS 
D/EGL_emulation( 6906): app_time_stats: avg=35.60ms min=1.86ms max=918.24ms count=28
D/audioserver(  413): FGS Logger Transaction failed
D/audioserver(  413): -129
D/AudioFlinger(  413): mixer(0x73aa4d4ac930) throttle end: throttle time(37)
D/audioserver(  413): FGS Logger Transaction failed
D/audioserver(  413): -129
D/StatusBarIconController(  770): ignoring old pipeline callbacks, because the new mobile icons are enabled
D/android.hardware.audio@7.1-impl.ranchu(  357): threadLoop: entering standby, frames: 8136064
I/ProtoXDBBufferWrapper( 1382): ProtoXDBBufferWrapper.flushToStorage():153 Flushed 12 data item(s) to storage.
D/ActivityManager(  552): freezing 1797 com.google.android.gms
I/wpa_supplicant(  758): wlan0: CTRL-EVENT-BEACON-LOSS 
D/StatusBarIconController(  770): ignoring old pipeline callbacks, because the new mobile icons are enabled
I/VoiceInputManagerWrapper( 1382): VoiceInputManagerWrapper.shutdownVoiceInternal():95 shutdownVoiceInternal()
I/wpa_supplicant(  758): wlan0: CTRL-EVENT-BEACON-LOSS 
D/StatusBarIconController(  770): ignoring old pipeline callbacks, because the new mobile icons are enabled
D/EGL_emulation(  770): app_time_stats: avg=24844.53ms min=24844.53ms max=24844.53ms count=1
I/wpa_supplicant(  758): wlan0: CTRL-EVENT-BEACON-LOSS 
D/StatusBarIconController(  770): ignoring old pipeline callbacks, because the new mobile icons are enabled
I/wpa_supplicant(  758): wlan0: CTRL-EVENT-BEACON-LOSS 
D/androidtc(  552): Initializing SystemTextClassifier, type = System
I/AiAiTextClassifier( 1486): onCreateTextClassificationSession = TextClassificationSessionId {ed60fa50-e7e3-4eaf-9ad6-4e199e9e2d05}
I/AiAiTranslate( 1486): C2T - not in a conversation
I/AiAiTextClassifier( 1486): GenerateLinks did not find valid links, returning empty result
I/ClipboardListener(  770): Clipboard overlay suppressed.
I/ClipboardListener(  770): Clipboard overlay suppressed.
I/AiAiTextClassifier( 1486): GenerateLinks did not find valid links, returning empty result
I/wpa_supplicant(  758): wlan0: CTRL-EVENT-BEACON-LOSS 
D/EGL_emulation(  770): app_time_stats: avg=20000.26ms min=20000.26ms max=20000.26ms count=1
D/StatusBarIconController(  770): ignoring old pipeline callbacks, because the new mobile icons are enabled
D/StatusBarIconController(  770): ignoring old pipeline callback because the new wifi icon is enabled
D/StatusBarIconController(  770): ignoring old pipeline callback because the new wifi icon is enabled
I/wpa_supplicant(  758): wlan0: CTRL-EVENT-BEACON-LOSS 
D/StatusBarIconController(  770): ignoring old pipeline callbacks, because the new mobile icons are enabled
